// Jest Snapshot v1, https://goo.gl/fbAQLP

exports[`Pruebas a la aplicacion del giphy debe mostrar el componente gifGridItem correctamente 1`] = `
<div
  className="card animate__animated animate__bounce"
>
  <img
    alt="La vie de Rick et Morty"
    src="https://localhost.com"
  />
  <p>
    La vie de Rick et Morty
  </p>
</div>
`;
